<?xml version="1.0" encoding="UTF-8"?>
<Zusi>
    <Info DateiTyp="Zug" Version="A.6" MinVersion="A.6"/>
    <Zug Gattung="RB" Nummer="20000" Zuglauf="ADorf - BDorf" BremsstellungZug="3" MBrh="1.6" FahrplanGruppe="Gruppe AB" FahrstrName="Aufgleispunkt -&gt; Hildesheim Hbf F">
        <Datei Dateiname="out/my-fahrplan.fpn" NurInfo="1"/>
        <BuchfahrplanRohDatei Dateiname="out/my-fahrplan/RB20000.timetable.xml"/>
        <FahrplanEintrag Ank="2023-06-20 08:38:00" Abf="2023-06-20 08:41:40" Signalvorlauf="180" Betrst="Elze">
            <FahrplanSignalEintrag FahrplanSignal="N1"/>
        </FahrplanEintrag>
        <FahrplanEintrag Abf="2023-06-20 08:45:00" Betrst="Mehle Hp"/>
        <FahrplanEintrag Ank="2023-06-20 08:48:00" Abf="2023-06-20 08:48:50" Signalvorlauf="160" Betrst="Osterwald Hp"/>
        <FahrplanEintrag Betrst="Voldagsen" FplEintrag="1">
            <FahrplanSignalEintrag FahrplanSignal="A"/>
        </FahrplanEintrag>
        <FahrplanEintrag Ank="2023-06-20 08:52:20" Abf="2023-06-20 08:53:00" Signalvorlauf="160" Betrst="Voldagsen">
            <FahrplanSignalEintrag FahrplanSignal="N2"/>
        </FahrplanEintrag>
        <FahrzeugVarianten Bezeichnung="default" ZufallsWert="1">
            <FahrzeugInfo IDHaupt="1" IDNeben="1">
                <Datei Dateiname="TriebwagenA.fzg"/>
            </FahrzeugInfo>
        </FahrzeugVarianten>
    </Zug>
</Zusi>