<?xml version="1.0" encoding="UTF-8"?>
<Schedule>
    <ScheduleEntry Betriebsstelle="Elze" DrivingTime="00:00:00" StopTime="00:02:40"/>
    <ScheduleEntry Betriebsstelle="Mehle Hp" DrivingTime="00:03:20"/>
    <ScheduleEntry Betriebsstelle="Osterwald Hp" DrivingTime="00:03:00" StopTime="00:00:40"/>
    <ScheduleEntry Betriebsstelle="Voldagsen" DrivingTime="00:03:30" StopTime="00:00:40"/>
</Schedule>