<?xml version="1.0" encoding="UTF-8"?>
<Schedule>
    <ScheduleEntry betriebsstelle="Elze" drivingTime="00:00:00" stopTime="00:02:40"/>
    <ScheduleEntry betriebsstelle="Mehle Hp" drivingTime="00:03:20"/>
    <ScheduleEntry betriebsstelle="Osterwald Hp" drivingTime="00:03:00" stopTime="00:00:40"/>
    <ScheduleEntry betriebsstelle="Voldagsen" drivingTime="00:03:30" stopTime="00:00:40"/>
</Schedule>